PS C:\Users\JY> cd git_challenge
PS C:\Users\JY\git_challenge> git init
PS C:\Users\JY\git_challenge> git add hello_world.txt
PS C:\Users\JY\git_challenge> git commit --m "Hello, World!"
[main (root-commit) 6aa7134] Hello, World!
 1 file changed, 1 insertion(+)
 create mode 100644 hello_world.txt
PS C:\Users\JY\git_challenge> git add hello_world.txt
PS C:\Users\JY\git_challenge> git commit --m "こんにちは、世界！" 
[main 4ea9edc] 縺薙ｓ縺ｫ縺｡縺ｯ縲∽ｸ也阜・
 1 file changed, 2 insertions(+), 1 deletion(-)
PS C:\Users\JY\git_challenge> git log --oneline
4ea9edc (HEAD -> main) こんにちは、世界！
6aa7134 Hello, World!
